"This is just a block string.\nThe newline should be preserved, but the indents should not."
