
    {

  "this"

   :
       [
  "is"


      ,

"JSON,"

],

              "and":
  "so is this."
               }




